{
  "sha": "3949e1cc17d9443f1f4ef7d34d428baf065cd919",
  "refresh_endpoint_probe": {
    "body": {
      "detail": "Method Not Allowed"
    },
    "status_code": 405
  },
  "conversation_task": {
    "status": "ERROR",
    "detail": "500: Conversation create failed (HTTP 500) on custom sandbox image sandbox-spec-live-evidence. Verify its openhands-sdk matches this release (1.35.0); rebuild/re-pin the image if not."
  },
  "verify_calls": [],
  "generated_keys": [],
  "agent_start_calls": [
    {
      "accepted": false,
      "llm_key_fingerprint": "ff3dd4e36e79dffa",
      "rejection_detail": "token_not_found_in_db"
    }
  ]
}
